--------------------------------------------------------------------------------------
Timing Analyzer Summary
--------------------------------------------------------------------------------------

Type           : Worst-case tco
Slack          : N/A
Required Time  : None
Actual Time    : 12.655 ns
From           : light[0]~reg0
To             : light[0]
From Clock     : clk100khz
To Clock       : --
Failed Paths   : 0

Type           : Clock Setup: 'clk100khz'
Slack          : N/A
Required Time  : None
Actual Time    : 143.93 MHz ( period = 6.948 ns )
From           : count[13]
To             : count[14]
From Clock     : clk100khz
To Clock       : clk100khz
Failed Paths   : 0

Type           : Total number of failed paths
Slack          : 
Required Time  : 
Actual Time    : 
From           : 
To             : 
From Clock     : 
To Clock       : 
Failed Paths   : 0

--------------------------------------------------------------------------------------

